2026-08-05 10:58:37.760: [INFO] CurrentProfilePath: C:\Users\AJAY\Downloads\jobportalupdated\jobportalupdated\backend\.metadata\.plugins\org.eclipse.swt\EBWebView\Default
2026-08-05 10:58:37.760: [INFO] Profiles total count: 1
2026-08-05 10:58:37.760: [INFO] Profile: name=Profile 1 path=C:\Users\AJAY\Downloads\jobportalupdated\jobportalupdated\backend\.metadata\.plugins\org.eclipse.swt\EBWebView\Default lastActive=null
2026-08-05 10:58:37.760: [INFO] LastUsedProfileDir: C:\Users\AJAY\Downloads\jobportalupdated\jobportalupdated\backend\.metadata\.plugins\org.eclipse.swt\EBWebView\Default
2026-08-05 10:58:37.760: [INFO] OnDoneLoading sync enabled: 0
2026-08-05 10:58:37.760: [INFO] BookmarkModelLoaded, ids_reassigned: 0
2026-08-05 10:58:37.760: [INFO] BookmarksLoadDropped droppedNodes=0
2026-08-05 10:58:37.760: [INFO] BookmarksSnapshot Startup total=0 bar=0 other=0 mobile=0 showBar=0 showBarNTP=1
2026-08-05 14:10:03.070: [INFO] BookmarksSnapshot Shutdown total=0 bar=0 other=0 mobile=0 showBar=0 showBarNTP=1
2026-08-11 16:52:15.065: [INFO] CurrentProfilePath: C:\Users\AJAY\Downloads\jobportalupdated\jobportalupdated\backend\.metadata\.plugins\org.eclipse.swt\EBWebView\Default
2026-08-11 16:52:15.065: [INFO] Profiles total count: 1
2026-08-11 16:52:15.065: [INFO] Profile: name=Profile 1 path=C:\Users\AJAY\Downloads\jobportalupdated\jobportalupdated\backend\.metadata\.plugins\org.eclipse.swt\EBWebView\Default lastActive=null
2026-08-11 16:52:15.065: [INFO] LastUsedProfileDir: C:\Users\AJAY\Downloads\jobportalupdated\jobportalupdated\backend\.metadata\.plugins\org.eclipse.swt\EBWebView\Default
2026-08-11 16:52:15.065: [INFO] OnDoneLoading sync enabled: 0
2026-08-11 16:52:15.065: [INFO] BookmarkModelLoaded, ids_reassigned: 0
2026-08-11 16:52:15.065: [INFO] BookmarksLoadDropped droppedNodes=0
2026-08-11 16:52:15.065: [INFO] BookmarksSnapshot Startup total=0 bar=0 other=0 mobile=0 showBar=0 showBarNTP=1
2026-08-11 17:49:17.453: [INFO] BookmarksSnapshot Shutdown total=0 bar=0 other=0 mobile=0 showBar=0 showBarNTP=1
2026-08-16 11:14:16.861: [INFO] CurrentProfilePath: C:\Users\AJAY\Downloads\jobportalupdated\jobportalupdated\backend\.metadata\.plugins\org.eclipse.swt\EBWebView\Default
2026-08-16 11:14:16.861: [INFO] Profiles total count: 1
2026-08-16 11:14:16.861: [INFO] Profile: name=Profile 1 path=C:\Users\AJAY\Downloads\jobportalupdated\jobportalupdated\backend\.metadata\.plugins\org.eclipse.swt\EBWebView\Default lastActive=null
2026-08-16 11:14:16.861: [INFO] LastUsedProfileDir: C:\Users\AJAY\Downloads\jobportalupdated\jobportalupdated\backend\.metadata\.plugins\org.eclipse.swt\EBWebView\Default
2026-08-16 11:14:16.861: [INFO] OnDoneLoading sync enabled: 0
2026-08-16 11:14:16.861: [INFO] BookmarkModelLoaded, ids_reassigned: 0
2026-08-16 11:14:16.861: [INFO] BookmarksLoadDropped droppedNodes=0
2026-08-16 11:14:16.861: [INFO] BookmarksSnapshot Startup total=0 bar=0 other=0 mobile=0 showBar=0 showBarNTP=1
2026-08-16 20:41:23.352: [INFO] BookmarksSnapshot Shutdown total=0 bar=0 other=0 mobile=0 showBar=0 showBarNTP=1
2026-08-25 20:06:23.496: [INFO] CurrentProfilePath: C:\Users\AJAY\Downloads\jobportalupdated\jobportalupdated\backend\.metadata\.plugins\org.eclipse.swt\EBWebView\Default
2026-08-25 20:06:23.496: [INFO] Profiles total count: 1
2026-08-25 20:06:23.496: [INFO] Profile: name=Profile 1 path=C:\Users\AJAY\Downloads\jobportalupdated\jobportalupdated\backend\.metadata\.plugins\org.eclipse.swt\EBWebView\Default lastActive=null
2026-08-25 20:06:23.496: [INFO] LastUsedProfileDir: C:\Users\AJAY\Downloads\jobportalupdated\jobportalupdated\backend\.metadata\.plugins\org.eclipse.swt\EBWebView\Default
2026-08-25 20:06:23.496: [INFO] OnDoneLoading sync enabled: 0
2026-08-25 20:06:23.496: [INFO] BookmarkModelLoaded, ids_reassigned: 0
2026-08-25 20:06:23.496: [INFO] BookmarksLoadDropped droppedNodes=0
2026-08-25 20:06:23.496: [INFO] BookmarksSnapshot Startup total=0 bar=0 other=0 mobile=0 showBar=0 showBarNTP=1
2026-08-25 20:09:13.696: [INFO] BookmarksSnapshot Shutdown total=0 bar=0 other=0 mobile=0 showBar=0 showBarNTP=1
2026-08-26 08:33:36.832: [INFO] CurrentProfilePath: C:\Users\AJAY\Downloads\jobportalupdated\jobportalupdated\backend\.metadata\.plugins\org.eclipse.swt\EBWebView\Default
2026-08-26 08:33:36.832: [INFO] Profiles total count: 1
2026-08-26 08:33:36.832: [INFO] Profile: name=Profile 1 path=C:\Users\AJAY\Downloads\jobportalupdated\jobportalupdated\backend\.metadata\.plugins\org.eclipse.swt\EBWebView\Default lastActive=null
2026-08-26 08:33:36.833: [INFO] LastUsedProfileDir: C:\Users\AJAY\Downloads\jobportalupdated\jobportalupdated\backend\.metadata\.plugins\org.eclipse.swt\EBWebView\Default
2026-08-26 08:33:36.833: [INFO] OnDoneLoading sync enabled: 0
2026-08-26 08:33:36.833: [INFO] BookmarkModelLoaded, ids_reassigned: 0
2026-08-26 08:33:36.833: [INFO] BookmarksLoadDropped droppedNodes=0
2026-08-26 08:33:36.833: [INFO] BookmarksSnapshot Startup total=0 bar=0 other=0 mobile=0 showBar=0 showBarNTP=1
2026-08-26 10:26:02.427: [INFO] BookmarksSnapshot Shutdown total=0 bar=0 other=0 mobile=0 showBar=0 showBarNTP=1
2026-08-29 17:43:21.121: [INFO] CurrentProfilePath: C:\Users\AJAY\Downloads\jobportalupdated\jobportalupdated\backend\.metadata\.plugins\org.eclipse.swt\EBWebView\Default
2026-08-29 17:43:21.121: [INFO] Profiles total count: 1
2026-08-29 17:43:21.121: [INFO] Profile: name=Profile 1 path=C:\Users\AJAY\Downloads\jobportalupdated\jobportalupdated\backend\.metadata\.plugins\org.eclipse.swt\EBWebView\Default lastActive=null
2026-08-29 17:43:21.121: [INFO] LastUsedProfileDir: C:\Users\AJAY\Downloads\jobportalupdated\jobportalupdated\backend\.metadata\.plugins\org.eclipse.swt\EBWebView\Default
2026-08-29 17:43:21.121: [INFO] OnDoneLoading sync enabled: 0
2026-08-29 17:43:21.121: [INFO] BookmarkModelLoaded, ids_reassigned: 0
2026-08-29 17:43:21.121: [INFO] BookmarksLoadDropped droppedNodes=0
2026-08-29 17:43:21.121: [INFO] BookmarksSnapshot Startup total=0 bar=0 other=0 mobile=0 showBar=0 showBarNTP=1
2026-08-29 20:28:23.886: [INFO] BookmarksSnapshot Shutdown total=0 bar=0 other=0 mobile=0 showBar=0 showBarNTP=1
2026-08-30 17:02:13.167: [INFO] CurrentProfilePath: C:\Users\AJAY\Downloads\jobportalupdated\jobportalupdated\backend\.metadata\.plugins\org.eclipse.swt\EBWebView\Default
2026-08-30 17:02:13.167: [INFO] Profiles total count: 1
2026-08-30 17:02:13.167: [INFO] Profile: name=Profile 1 path=C:\Users\AJAY\Downloads\jobportalupdated\jobportalupdated\backend\.metadata\.plugins\org.eclipse.swt\EBWebView\Default lastActive=null
2026-08-30 17:02:13.167: [INFO] LastUsedProfileDir: C:\Users\AJAY\Downloads\jobportalupdated\jobportalupdated\backend\.metadata\.plugins\org.eclipse.swt\EBWebView\Default
2026-08-30 17:02:13.167: [INFO] OnDoneLoading sync enabled: 0
2026-08-30 17:02:13.167: [INFO] BookmarkModelLoaded, ids_reassigned: 0
2026-08-30 17:02:13.167: [INFO] BookmarksLoadDropped droppedNodes=0
2026-08-30 17:02:13.167: [INFO] BookmarksSnapshot Startup total=0 bar=0 other=0 mobile=0 showBar=0 showBarNTP=1
2026-08-30 18:35:26.196: [INFO] BookmarksSnapshot Shutdown total=0 bar=0 other=0 mobile=0 showBar=0 showBarNTP=1
